  Building Custom Rule E:/PhD/gaussian_VR/VRSplat/SIBR_viewers/src/core/openxr/CMakeLists.txt
  OpenXRHMD.cpp
  OpenXRRdrMode.cpp
  SwapchainImageRenderTarget.cpp
E:\PhD\gaussian_VR\VRSplat\SIBR_viewers\src\core\openxr\OpenXRHMD.cpp(105,20): warning C4244: 'initializing': conversion from 'double' to 'float', possible loss of data
E:\PhD\gaussian_VR\VRSplat\SIBR_viewers\src\core\openxr\OpenXRHMD.cpp(110,21): warning C4244: 'initializing': conversion from 'double' to 'float', possible loss of data
E:\PhD\gaussian_VR\VRSplat\SIBR_viewers\src\core\openxr\OpenXRHMD.cpp(115,19): warning C4244: 'initializing': conversion from 'double' to 'float', possible loss of data
E:\PhD\gaussian_VR\VRSplat\SIBR_viewers\src\core\openxr\OpenXRHMD.cpp(124,18): warning C4244: 'initializing': conversion from 'double' to 'float', possible loss of data
E:\PhD\gaussian_VR\VRSplat\SIBR_viewers\src\core\openxr\OpenXRHMD.cpp(125,18): warning C4244: 'initializing': conversion from 'double' to 'float', possible loss of data
E:\PhD\gaussian_VR\VRSplat\SIBR_viewers\src\core\openxr\OpenXRHMD.cpp(126,18): warning C4244: 'initializing': conversion from 'double' to 'float', possible loss of data
E:\PhD\gaussian_VR\VRSplat\SIBR_viewers\src\core\openxr\OpenXRHMD.cpp(127,18): warning C4244: 'initializing': conversion from 'double' to 'float', possible loss of data
E:\PhD\gaussian_VR\VRSplat\SIBR_viewers\src\core\openxr\OpenXRHMD.cpp(128,18): warning C4244: 'initializing': conversion from 'double' to 'float', possible loss of data
E:\PhD\gaussian_VR\VRSplat\SIBR_viewers\src\core\openxr\OpenXRHMD.cpp(129,18): warning C4244: 'initializing': conversion from 'double' to 'float', possible loss of data
E:\PhD\gaussian_VR\VRSplat\SIBR_viewers\src\core\openxr\OpenXRHMD.cpp(323,9): warning C4996: 'strncpy': This function or variable may be unsafe. Consider using strncpy_s instead. To disable deprecation, use _CRT_SECURE_NO_WARNINGS. See online help for details.
E:\PhD\gaussian_VR\VRSplat\SIBR_viewers\src\core\openxr\OpenXRHMD.cpp(325,9): warning C4996: 'strncpy': This function or variable may be unsafe. Consider using strncpy_s instead. To disable deprecation, use _CRT_SECURE_NO_WARNINGS. See online help for details.
E:\PhD\gaussian_VR\VRSplat\SIBR_viewers\src\core\openxr\OpenXRHMD.cpp(560,9): warning C4996: 'strcpy': This function or variable may be unsafe. Consider using strcpy_s instead. To disable deprecation, use _CRT_SECURE_NO_WARNINGS. See online help for details.
E:\PhD\gaussian_VR\VRSplat\SIBR_viewers\src\core\openxr\OpenXRHMD.cpp(561,9): warning C4996: 'strcpy': This function or variable may be unsafe. Consider using strcpy_s instead. To disable deprecation, use _CRT_SECURE_NO_WARNINGS. See online help for details.
E:\PhD\gaussian_VR\VRSplat\SIBR_viewers\src\core\openxr\OpenXRHMD.cpp(577,9): warning C4996: 'strcpy': This function or variable may be unsafe. Consider using strcpy_s instead. To disable deprecation, use _CRT_SECURE_NO_WARNINGS. See online help for details.
E:\PhD\gaussian_VR\VRSplat\SIBR_viewers\src\core\openxr\OpenXRHMD.cpp(578,9): warning C4996: 'strcpy': This function or variable may be unsafe. Consider using strcpy_s instead. To disable deprecation, use _CRT_SECURE_NO_WARNINGS. See online help for details.
E:\PhD\gaussian_VR\VRSplat\SIBR_viewers\src\core/openxr/OpenXRRdrMode.hpp(73,37): warning C4244: 'initializing': conversion from 'float' to 'int', possible loss of data (compiling source file E:\PhD\gaussian_VR\VRSplat\SIBR_viewers\src\core\openxr\OpenXRRdrMode.cpp)
E:\PhD\gaussian_VR\VRSplat\SIBR_viewers\src\core\openxr\OpenXRRdrMode.cpp(244,125): warning C4244: 'argument': conversion from 'float' to 'GLsizei', possible loss of data
E:\PhD\gaussian_VR\VRSplat\SIBR_viewers\src\core\openxr\OpenXRRdrMode.cpp(244,57): warning C4244: 'argument': conversion from 'float' to 'GLint', possible loss of data
E:\PhD\gaussian_VR\VRSplat\SIBR_viewers\src\core\openxr\OpenXRRdrMode.cpp(245,124): warning C4244: 'argument': conversion from 'float' to 'GLsizei', possible loss of data
E:\PhD\gaussian_VR\VRSplat\SIBR_viewers\src\core\openxr\OpenXRRdrMode.cpp(245,56): warning C4244: 'argument': conversion from 'float' to 'GLint', possible loss of data
E:\PhD\gaussian_VR\VRSplat\SIBR_viewers\src\core\openxr\OpenXRRdrMode.cpp(250,103): warning C4244: 'argument': conversion from 'float' to 'GLsizei', possible loss of data
E:\PhD\gaussian_VR\VRSplat\SIBR_viewers\src\core\openxr\OpenXRRdrMode.cpp(250,57): warning C4244: 'argument': conversion from 'float' to 'GLint', possible loss of data
E:\PhD\gaussian_VR\VRSplat\SIBR_viewers\src\core\openxr\OpenXRRdrMode.cpp(251,102): warning C4244: 'argument': conversion from 'float' to 'GLsizei', possible loss of data
E:\PhD\gaussian_VR\VRSplat\SIBR_viewers\src\core\openxr\OpenXRRdrMode.cpp(251,56): warning C4244: 'argument': conversion from 'float' to 'GLint', possible loss of data
E:\PhD\gaussian_VR\VRSplat\SIBR_viewers\src\core\openxr\OpenXRRdrMode.cpp(346,39): warning C4244: 'initializing': conversion from 'double' to 'float', possible loss of data
E:\PhD\gaussian_VR\VRSplat\SIBR_viewers\src\core\openxr\OpenXRRdrMode.cpp(346,33): warning C4244: 'initializing': conversion from 'double' to 'const float', possible loss of data
E:\PhD\gaussian_VR\VRSplat\SIBR_viewers\src\core\openxr\OpenXRRdrMode.cpp(427,31): warning C4018: '<': signed/unsigned mismatch
E:\PhD\gaussian_VR\VRSplat\SIBR_viewers\src\core\openxr\OpenXRRdrMode.cpp(449,10): warning C4244: 'initializing': conversion from 'float' to 'int', possible loss of data
E:\PhD\gaussian_VR\VRSplat\SIBR_viewers\src\core\openxr\OpenXRRdrMode.cpp(450,16): warning C4244: 'initializing': conversion from 'float' to 'int', possible loss of data
E:\PhD\gaussian_VR\VRSplat\SIBR_viewers\src\core\openxr\OpenXRRdrMode.cpp(451,26): warning C4305: 'initializing': truncation from 'double' to 'float'
     Creating library E:/PhD/gaussian_VR/VRSplat/SIBR_viewers/install/lib/sibr_openxr_d.lib and object E:/PhD/gaussian_VR/VRSplat/SIBR_viewers/install/lib/sibr_openxr_d.exp
  sibr_openxr.vcxproj -> E:\PhD\gaussian_VR\VRSplat\SIBR_viewers\install\bin\sibr_openxr_d.dll
